<html>
<body>
<pre>
<h1>µVision Build Log</h1>
<h2>Tool Versions:</h2>
IDE-Version: ÂµVision V5.39.0.0
Copyright (C) 2023 ARM Ltd and ARM Germany GmbH. All rights reserved.
License Information: Nour MK, AURAK, LIC=----
 
Tool Versions:
Toolchain:       MDK-Lite  Version: 5.39.0.0
Toolchain Path:  C:\Keil_v5\ARM\ARMCLANG\Bin
C Compiler:      ArmClang.exe V6.21
Assembler:       Armasm.exe V6.21
Linker/Locator:  ArmLink.exe V6.21
Library Manager: ArmAr.exe V6.21
Hex Converter:   FromElf.exe V6.21
CPU DLL:         SARMCM3.DLL V5.39.0.0
Dialog DLL:      DCM.DLL V1.17.5.0
Target DLL:      STLink\ST-LINKIII-KEIL_SWO.dll V3.2.0.0
Dialog DLL:      TCM.DLL V1.56.4.0
 
<h2>Project:</h2>
C:\Users\nourk\Downloads\- Education\Official Ed\AURAK\Microprocessors Lab\Lab_10_DAC\Lab_10_DAC\STM32L476G_DAC_Software_Trigger\project.uvprojx
Project File Date:  04/20/2024

<h2>Output:</h2>
*** Using Compiler 'V6.21', folder: 'C:\Keil_v5\ARM\ARMCLANG\Bin'
Rebuild target 'Target 1'
assembling startup_stm32l476xx.s...
compiling SysClock.c...
compiling main.c...
compiling SysTimer.c...
compiling LED.c...
compiling DAC.c...
LCD.c(298): warning: while loop has empty body [-Wempty-body]
  298 |         while ((LCD->SR & LCD_SR_RDY) == 0);  // Loop until step-up converter is ready to provide the correct voltage.
      |                                            ^
LCD.c(298): note: put the semicolon on a separate line to silence this warning
LCD.c(309): warning: while loop has empty body [-Wempty-body]
  309 |         while ((LCD->SR & LCD_SR_UDR) != 0); // Wait for Update Display Request Bit
      |                                            ^
LCD.c(309): note: put the semicolon on a separate line to silence this warning
LCD.c(365): warning: using the result of an assignment as a condition without parentheses [-Wparentheses]
  365 |   if (BAR0_ON)
      |       ^~~~~~~
LCD.c(71): note: expanded from macro 'BAR0_ON'
   71 | #define BAR0_ON  t_bar[1] |= 8
      |                  ~~~~~~~~~^~~~
LCD.c(365): note: place parentheses around the assignment to silence this warning
  365 |   if (BAR0_ON)
      |       ^      
      |       (      )
LCD.c(71): note: expanded from macro 'BAR0_ON'
   71 | #define BAR0_ON  t_bar[1] |= 8
      |                           ^
LCD.c(365): note: use '!=' to turn this compound assignment into an inequality comparison
LCD.c(71): note: expanded from macro 'BAR0_ON'
   71 | #define BAR0_ON  t_bar[1] |= 8
      |                           ^
LCD.c(368): warning: using the result of an assignment as a condition without parentheses [-Wparentheses]
  368 |   if (BAR1_ON)
      |       ^~~~~~~
LCD.c(73): note: expanded from macro 'BAR1_ON'
   73 | #define BAR1_ON  t_bar[0] |= 8
      |                  ~~~~~~~~~^~~~
LCD.c(368): note: place parentheses around the assignment to silence this warning
  368 |   if (BAR1_ON)
      |       ^      
      |       (      )
LCD.c(73): note: expanded from macro 'BAR1_ON'
   73 | #define BAR1_ON  t_bar[0] |= 8
      |                           ^
LCD.c(368): note: use '!=' to turn this compound assignment into an inequality comparison
LCD.c(73): note: expanded from macro 'BAR1_ON'
   73 | #define BAR1_ON  t_bar[0] |= 8
      |                           ^
LCD.c(371): warning: using the result of an assignment as a condition without parentheses [-Wparentheses]
  371 |         if (BAR2_ON)
      |             ^~~~~~~
LCD.c(75): note: expanded from macro 'BAR2_ON'
   75 | #define BAR2_ON  t_bar[1] |= 2
      |                  ~~~~~~~~~^~~~
LCD.c(371): note: place parentheses around the assignment to silence this warning
  371 |         if (BAR2_ON)
      |             ^      
      |             (      )
LCD.c(75): note: expanded from macro 'BAR2_ON'
   75 | #define BAR2_ON  t_bar[1] |= 2
      |                           ^
LCD.c(371): note: use '!=' to turn this compound assignment into an inequality comparison
LCD.c(75): note: expanded from macro 'BAR2_ON'
   75 | #define BAR2_ON  t_bar[1] |= 2
      |                           ^
LCD.c(374): warning: using the result of an assignment as a condition without parentheses [-Wparentheses]
  374 |   if (BAR1_ON)
      |       ^~~~~~~
LCD.c(73): note: expanded from macro 'BAR1_ON'
   73 | #define BAR1_ON  t_bar[0] |= 8
      |                  ~~~~~~~~~^~~~
LCD.c(374): note: place parentheses around the assignment to silence this warning
  374 |   if (BAR1_ON)
      |       ^      
      |       (      )
LCD.c(73): note: expanded from macro 'BAR1_ON'
   73 | #define BAR1_ON  t_bar[0] |= 8
      |                           ^
LCD.c(374): note: use '!=' to turn this compound assignment into an inequality comparison
LCD.c(73): note: expanded from macro 'BAR1_ON'
   73 | #define BAR1_ON  t_bar[0] |= 8
      |                           ^
LCD.c(425): warning: illegal character encoding in character literal [-Winvalid-source-encoding]
  425 |     case '<B5>' :
      |          ^
LCD.c(441): warning: illegal character encoding in character literal [-Winvalid-source-encoding]
  441 |     case '<B0>' :
      |          ^
8 warnings generated.
compiling LCD.c...
linking...
Program Size: Code=4318 RO-data=482 RW-data=0 ZI-data=1640  
FromELF: creating hex file...
".\Objects\project.axf" - 0 Error(s), 8 Warning(s).

<h2>Software Packages used:</h2>

Package Vendor: ARM
                https://www.keil.com/pack/ARM.CMSIS.6.0.0.pack
                ARM::CMSIS@6.0.0
                CMSIS (Common Microcontroller Software Interface Standard)
   * Component: CORE Version: 6.0.0

Package Vendor: Keil
                https://www.keil.com/pack/Keil.STM32L4xx_DFP.2.6.2.pack
                Keil::STM32L4xx_DFP@2.6.2
                STMicroelectronics STM32L4 Series Device Support, Drivers and Examples

<h2>Collection of Component include folders:</h2>
  ./RTE/_Target_1
  C:/Users/nourk/AppData/Local/Arm/Packs/ARM/CMSIS/6.0.0/CMSIS/Core/Include
  C:/Users/nourk/AppData/Local/Arm/Packs/Keil/STM32L4xx_DFP/2.6.2/Drivers/CMSIS/Device/ST/STM32L4xx/Include

<h2>Collection of Component Files used:</h2>

   * Component: ARM::CMSIS:CORE@6.0.0
Build Time Elapsed:  00:00:02
</pre>
</body>
</html>
